[     210ms] TypeError: Cannot read properties of undefined (reading 'invoke')
    at invoke (http://localhost:1420/node_modules/.vite/deps/@tauri-apps_api_core.js?v=92e7a21d:111:37)
    at getFigmaToken (http://localhost:1420/src/lib/tauri-command.ts:15:10)
    at loadSettings (http://localhost:1420/src/store/setting-store.ts:19:27)
    at http://localhost:1420/src/App.tsx:30:5
    at Object.react_stack_bottom_frame (http://localhost:1420/node_modules/.vite/deps/react-dom_client.js?v=92e7a21d:18567:20)
    at runWithFiberInDEV (http://localhost:1420/node_modules/.vite/deps/react-dom_client.js?v=92e7a21d:997:72)
    at commitHookEffectListMount (http://localhost:1420/node_modules/.vite/deps/react-dom_client.js?v=92e7a21d:9411:163)
    at commitHookPassiveMountEffects (http://localhost:1420/node_modules/.vite/deps/react-dom_client.js?v=92e7a21d:9465:60)
    at commitPassiveMountOnFiber (http://localhost:1420/node_modules/.vite/deps/react-dom_client.js?v=92e7a21d:11040:29)
    at recursivelyTraversePassiveMountEffects (http://localhost:1420/node_modules/.vite/deps/react-dom_client.js?v=92e7a21d:11010:13)
[     211ms] TypeError: Cannot read properties of undefined (reading 'invoke')
    at invoke (http://localhost:1420/node_modules/.vite/deps/@tauri-apps_api_core.js?v=92e7a21d:111:37)
    at getFigmaToken (http://localhost:1420/src/lib/tauri-command.ts:15:10)
    at loadSettings (http://localhost:1420/src/store/setting-store.ts:19:27)
    at http://localhost:1420/src/App.tsx:30:5
    at Object.react_stack_bottom_frame (http://localhost:1420/node_modules/.vite/deps/react-dom_client.js?v=92e7a21d:18567:20)
    at runWithFiberInDEV (http://localhost:1420/node_modules/.vite/deps/react-dom_client.js?v=92e7a21d:997:72)
    at commitHookEffectListMount (http://localhost:1420/node_modules/.vite/deps/react-dom_client.js?v=92e7a21d:9411:163)
    at commitHookPassiveMountEffects (http://localhost:1420/node_modules/.vite/deps/react-dom_client.js?v=92e7a21d:9465:60)
    at reconnectPassiveEffects (http://localhost:1420/node_modules/.vite/deps/react-dom_client.js?v=92e7a21d:11273:13)
    at recursivelyTraverseReconnectPassiveEffects (http://localhost:1420/node_modules/.vite/deps/react-dom_client.js?v=92e7a21d:11240:11)
[     210ms] [ERROR] Failed to load resource: the server responded with a status of 404 (Not Found) @ http://localhost:1420/favicon.ico:0
[   36003ms] TypeError: Cannot read properties of undefined (reading 'invoke')
    at invoke (http://localhost:1420/node_modules/.vite/deps/@tauri-apps_api_core.js?v=92e7a21d:111:37)
    at getFigmaToken (http://localhost:1420/src/lib/tauri-command.ts?t=1771065280599:18:10)
    at loadSettings (http://localhost:1420/src/store/setting-store.ts?t=1771065280599:19:27)
    at http://localhost:1420/src/App.tsx?t=1771065280599:30:5
    at Object.react_stack_bottom_frame (http://localhost:1420/node_modules/.vite/deps/react-dom_client.js?v=92e7a21d:18567:20)
    at runWithFiberInDEV (http://localhost:1420/node_modules/.vite/deps/react-dom_client.js?v=92e7a21d:997:72)
    at commitHookEffectListMount (http://localhost:1420/node_modules/.vite/deps/react-dom_client.js?v=92e7a21d:9411:163)
    at commitHookPassiveMountEffects (http://localhost:1420/node_modules/.vite/deps/react-dom_client.js?v=92e7a21d:9465:60)
    at commitPassiveMountOnFiber (http://localhost:1420/node_modules/.vite/deps/react-dom_client.js?v=92e7a21d:11040:29)
    at recursivelyTraversePassiveMountEffects (http://localhost:1420/node_modules/.vite/deps/react-dom_client.js?v=92e7a21d:11010:13)
